info: pacxai_ci_mathlib: no previous manifest, creating one from scratch
info: toolchain not updated; already up-to-date
✔ [2/13] Built PACXAI.Core (317ms)
⚠ [3/13] Built PACXAI.Recovery (472ms)
warning: PACXAI/Recovery.lean:54:124: This simp argument is unused:
  ih

Hint: Omit it from the simp argument list.
  simp [candidateScores, liftCandidateClass, observedSuccessCount, postprocess, liftedAttack,
  ̲  ̲ ̲ ̲ ̲ ̲ ̲ ̲successCount, countWhere,̵ ̵i̵h̵]

Note: This linter can be disabled with `set_option linter.unusedSimpArgs false`
✔ [4/13] Built PACXAI.Leakage.FiniteCapacity (412ms)
✔ [5/13] Built PACXAI.Transcript (517ms)
✔ [6/13] Built PACXAI.InfoTheory.FiniteDistribution (491ms)
✔ [7/13] Built PACXAI.Conditioning (266ms)
✔ [8/13] Built PACXAI.InfoTheory.DPI (275ms)
✔ [9/13] Built PACXAI.Distillation (317ms)
✔ [10/13] Built PACXAI.InfoTheory.FanoStyle (411ms)
✔ [11/13] Built PACXAI.PAC.MonteCarlo (439ms)
✔ [12/13] Built PACXAI (237ms)
Build completed successfully (13 jobs).
