.git/FETCH_HEAD
.git/HEAD
.git/config
.git/config.worktree
.git/description
.git/hooks/applypatch-msg.sample
.git/hooks/commit-msg.sample
.git/hooks/fsmonitor-watchman.sample
.git/hooks/post-update.sample
.git/hooks/pre-applypatch.sample
.git/hooks/pre-commit.sample
.git/hooks/pre-merge-commit.sample
.git/hooks/pre-push.sample
.git/hooks/pre-rebase.sample
.git/hooks/pre-receive.sample
.git/hooks/prepare-commit-msg.sample
.git/hooks/push-to-checkout.sample
.git/hooks/sendemail-validate.sample
.git/hooks/update.sample
.git/index
.git/info/exclude
.git/logs/HEAD
.git/objects/pack/pack-cbfc89059087ab636e7473efb50e8ed191a61344.idx
.git/objects/pack/pack-cbfc89059087ab636e7473efb50e8ed191a61344.pack
.git/objects/pack/pack-cbfc89059087ab636e7473efb50e8ed191a61344.rev
.git/refs/heads/main
.github/workflows/ci.yml
BEGINNER_GUIDE.md
PACXAI.lean
PACXAI/Conditioning.lean
PACXAI/Core.lean
PACXAI/Distillation.lean
PACXAI/Leakage/FiniteCapacity.lean
PACXAI/Recovery.lean
PACXAI/Transcript.lean
README.md
ci-results/latest/lake-version.log
ci-results/latest/lean-build.log
ci-results/latest/lean-version.log
ci-results/latest/project-files.log
ci-results/latest/summary.md
experiments/run_distillation_audit.py
lake-version.log
lakefile.lean
lean-toolchain
lean-version.log
project-files.log
scripts/audit.sh
